// Jest Snapshot v1, https://goo.gl/fbAQLP

exports[`SectionTitleの単体テスト スナップショットテスト 1`] = `
<div>
  <h2
    class="className text-center text-[32px]"
  >
    Skills
  </h2>
</div>
`;
